Testing /jobs/recommend endpoint...
Login successful.
Requesting http://localhost:8000/jobs/recommend?sort=match
Status Code: 500
Failed: Internal Server Error
